// Jest Snapshot v1, https://goo.gl/fbAQLP

exports[`<Title /> should match snapshot 1`] = `
<Title
  title="The Weather App"
/>
`;
